[pokealec.com/practice.pokealec.com/index.html]
[practice.pokealec.com/index.html]
[practice.pokealec.com/indexcdf1.html]
[practice.pokealec.com/indexba53.html]
[practice.pokealec.com/indexb31a.html]
[pokealec.com/index.html]
[backblue.gif]
[fade.gif]
[index.html]
[pokealec.com/index.html]
[nonprofit.pokealec.com/index.html]
[pokealec.com/indexc052.html]
[pokealec.com/indexf8a0.html]
[pokealec.com/indexbfec.html]
[pokealec.com/cgi-bin/index.html]
[pokealec.com/index30b5.html]
[pokealec.com/nonprofit.pokealec.com/index.html]
[fonts.googleapis.com/index.html]
[nonprofit.pokealec.com/wp-json/oembed/1.0/embed2fa7.json]
[nonprofit.pokealec.com/feed/index.html]
[nonprofit.pokealec.com/comments/feed/index.html]
[nonprofit.pokealec.com/wp-json/oembed/1.0/embed1d8e]
[nonprofit.pokealec.com/wp-content/themes/specialchild/stylecbf4.css]
[nonprofit.pokealec.com/wp-includes/css/dashicons.mind4d0.css]
[nonprofit.pokealec.com/wp-includes/js/jquery/jquery.minf43b.js]
[nonprofit.pokealec.com/wp-includes/js/jquery/jquery-migrate.min5589.js]
[nonprofit.pokealec.com/wp-json/wp/v2/pages/7.json]
[nonprofit.pokealec.com/wp-json/index.html]
[nonprofit.pokealec.com/xmlrpc0db0.php]
[nonprofit.pokealec.com/wp-content/themes/SpecialDivi/core/admin/fonts/modules.ttf]
[nonprofit.pokealec.com/wp-content/et-cache/7/et-core-unified-7-17653112901219.min.css]
[nonprofit.pokealec.com/wp-content/uploads/2025/03/enlies-logo.png]
[nonprofit.pokealec.com/wp-content/uploads/2025/03/enlies-concept-e1742440716389.jpg]
[nonprofit.pokealec.com/wp-content/uploads/2025/03/og-front.jpg]
[nonprofit.pokealec.com/wp-content/uploads/2025/03/enlies-in-the-woods-e1742440915670.jpg]
[nonprofit.pokealec.com/wp-content/uploads/2025/03/enlies-professional-sketch.jpg]
[nonprofit.pokealec.com/wp-content/uploads/2025/03/location.png]
[nonprofit.pokealec.com/wp-content/uploads/2025/03/protection.png]
[nonprofit.pokealec.com/wp-content/uploads/2025/03/search.png]
[nonprofit.pokealec.com/wp-content/uploads/2025/03/heal.png]
[nonprofit.pokealec.com/wp-content/uploads/2025/03/Enlies-call-to-action.jpg]
[nonprofit.pokealec.com/wp-content/themes/SpecialDivi/js/custom.unifiedcbf4.js]
[docs.google.com/document/d/1YkoysXgNSUTQvzjU7ML3i0pklHjqp0h9CtGNFeTbgSw/edit7d09.html]
[nonprofit.pokealec.com/wp-content/themes/SpecialDivi/core/admin/js/commoncbf4.js]
[nonprofit.pokealec.com/index.html]
[stats.wp.com/e-202552.js]
[fonts.gstatic.com/s/opensans/v44/memQYaGs126MiZpBA-UFUIcVXSCEkx2cmqvXlWq8tWZ0Pw86hd0Rk5hkWV4exQ.ttf]
[practice.pokealec.com/indexe899.json]
[practice.pokealec.com/indexa6da.html]
[practice.pokealec.com/indexd784.html]
[practice.pokealec.com/index70c8.php]
[practice.pokealec.com/wp-content/themes/Divi/includes/builder/styles/images/preloader.gif]
[practice.pokealec.com/wp-content/themes/Divi/core/admin/fonts/modules/all/modules.eot]
[practice.pokealec.com/wp-content/themes/smol-divi/style5152.css]
[practice.pokealec.com/index52f0.json]
[practice.pokealec.com/indexff31.json]
[practice.pokealec.com/xmlrpc0db0.php]
[practice.pokealec.com/wp-content/et-cache/67/et-core-unified-deferred-67.min72f6.css]
[practice.pokealec.com/wp-content/uploads/2025/02/Logo.jpg]
[pokealec.com/talks.26.delayed]
[practice.pokealec.com/wp-includes/js/jquery/jquery.minf43b.js]
[practice.pokealec.com/wp-includes/js/jquery/jquery-migrate.min5589.js]
[practice.pokealec.com/wp-content/themes/Divi/js/scripts.min80dd.js]
[practice.pokealec.com/wp-content/themes/Divi/includes/builder/feature/dynamic-assets/assets/js/jquery.fitvids80dd.js]
[practice.pokealec.com/wp-content/themes/Divi/includes/builder/feature/dynamic-assets/assets/js/jquery.mobile80dd.js]
[pokealec.com/practice.pokealec.com/index.html]
[practice.pokealec.com/wp-content/themes/Divi/core/admin/js/common80dd.js]
[practice.pokealec.com/talks.html]
[practice.pokealec.com/index.html]
[practice.pokealec.com/indexfba3.json]
[practice.pokealec.com/index2467.php]
[practice.pokealec.com/wp-content/themes/Divi/includes/builder/styles/images/subscribe-loader.gif]
[practice.pokealec.com/wp-content/et-cache/10/et-divi-dynamic-10-late26f1.css]
[practice.pokealec.com/wp-content/uploads/2025/02/BOM-study.jpg]
[practice.pokealec.com/index9d6e.json]
[practice.pokealec.com/wp-content/uploads/2025/02/Oaks.jpg]
[practice.pokealec.com/wp-content/uploads/2025/02/Nelson.jpg]
[practice.pokealec.com/wp-content/uploads/2025/02/Eyring.jpg]
[practice.pokealec.com/wp-content/uploads/2025/02/kid-at-church.jpg]
[practice.pokealec.com/wp-content/uploads/2025/02/kid-at-church-400x284.jpg]
[practice.pokealec.com/wp-content/uploads/2025/02/kids-outside.jpg]
[practice.pokealec.com/wp-content/uploads/2025/02/kids-outside-400x284.jpg]
[practice.pokealec.com/wp-content/uploads/2025/02/study-at-home.jpg]
[practice.pokealec.com/wp-content/uploads/2025/02/study-at-home-400x284.jpg]
[practice.pokealec.com/wp-content/uploads/2025/02/pink-lady-studying.jpg]
[practice.pokealec.com/wp-content/uploads/2025/02/pink-lady-studying-400x284.jpg]
[www.churchofjesuschrist.org/comeuntochrist/believe/book-of-mormon.html]
[practice.pokealec.com/wp-content/themes/Divi/includes/builder/feature/dynamic-assets/assets/js/hashchange80dd.js]
[practice.pokealec.com/wp-content/themes/Divi/includes/builder/feature/dynamic-assets/assets/js/magnific-popup80dd.js]
[practice.pokealec.com/wp-content/themes/Divi/includes/builder/feature/dynamic-assets/assets/js/easypiechart80dd.js]
[practice.pokealec.com/indexcdf1.html]
[practice.pokealec.com/wp-content/themes/Divi/includes/builder/feature/dynamic-assets/assets/js/salvattore80dd.js]
[practice.pokealec.com/indexdf20.json]
[practice.pokealec.com/index76cc.html]
[practice.pokealec.com/index7bcc.php]
[practice.pokealec.com/index2c39.json]
[practice.pokealec.com/indexba53.html]
[practice.pokealec.com/wp-content/et-cache/global/et-divi-customizer-global.min97e3.css]
[practice.pokealec.com/indexfb7a.json]
[practice.pokealec.com/indexb31a.html]
[pokealec.com/indexc052.html]
[practice.pokealec.com/indexcff1.html]
[practice.pokealec.com/indexcd64.html]
[pokealec.com/indexf8a0.html]
[pokealec.com/indexbfec.html]
[practice.pokealec.com/index7e31.html]
[pokealec.com/index30b5.html]
[pokealec.com/indexb70a.html]
[pokealec.com/cgi-bin/index.html]
[pokealec.com/nonprofit.pokealec.com/index.html]
[nonprofit.pokealec.com/xmlrpc.php]
[stats.wp.com/index.html]
[fonts.googleapis.com/index.html]
[pokealec.com/index72c9.html]
[pokealec.com/index5851.html]
[pokealec.com/indexad3f.html]
[fonts.gstatic.com/s/opensans/v44/memQYaGs126MiZpBA-UFUIcVXSCEkx2cmqvXlWq8tWZ0Pw86hd0Rk8ZkWV4exQ.ttf]
[fonts.gstatic.com/s/opensans/v44/memQYaGs126MiZpBA-UFUIcVXSCEkx2cmqvXlWq8tWZ0Pw86hd0RkxhjWV4exQ.ttf]
[fonts.gstatic.com/s/opensans/v44/memQYaGs126MiZpBA-UFUIcVXSCEkx2cmqvXlWq8tWZ0Pw86hd0RkyFjWV4exQ.ttf]
[fonts.gstatic.com/s/opensans/v44/memQYaGs126MiZpBA-UFUIcVXSCEkx2cmqvXlWq8tWZ0Pw86hd0Rk0ZjWV4exQ.ttf]
[fonts.gstatic.com/s/opensans/v44/memSYaGs126MiZpBA-UvWbX2vVnXBbObj2OVZyOOSr4dVJWUgsiH0B4uaVc.ttf]
[fonts.gstatic.com/s/opensans/v44/memSYaGs126MiZpBA-UvWbX2vVnXBbObj2OVZyOOSr4dVJWUgsjZ0B4uaVc.ttf]
[fonts.gstatic.com/s/opensans/v44/memSYaGs126MiZpBA-UvWbX2vVnXBbObj2OVZyOOSr4dVJWUgsgH1x4uaVc.ttf]
[fonts.gstatic.com/s/opensans/v44/memSYaGs126MiZpBA-UvWbX2vVnXBbObj2OVZyOOSr4dVJWUgsg-1x4uaVc.ttf]
[fonts.googleapis.com/cssded4.css]
[fonts.gstatic.com/s/opensans/v44/memSYaGs126MiZpBA-UvWbX2vVnXBbObj2OVZyOOSr4dVJWUgshZ1x4uaVc.ttf]
[nonprofit.pokealec.com/wp-content/themes/SpecialDivi/style.css]
[nonprofit.pokealec.com/wp-content/uploads/2025/04/stick-a.png]
[nonprofit.pokealec.com/wp-content/uploads/2025/04/stick-b.png]
[nonprofit.pokealec.com/wp-content/uploads/2025/04/stick-c.png]
[nonprofit.pokealec.com/wp-content/uploads/2025/04/stick-d.png]
[nonprofit.pokealec.com/wp-content/themes/specialchild/stylecbf4.css]
[nonprofit.pokealec.com/wp-includes/fonts/dashicons7d4b.eot]
[nonprofit.pokealec.com/wp-includes/fonts/dashicons7d4b.ttf]
[nonprofit.pokealec.com/wp-includes/css/dashicons.mind4d0.css]
[nonprofit.pokealec.com/index2482.html]
[nonprofit.pokealec.com/wp-content/uploads/2025/03/background-trimmed.jpg]
[nonprofit.pokealec.com/wp-content/et-cache/7/et-core-unified-7-17653112901219.min.css]
[docs.google.com/document/d/1YkoysXgNSUTQvzjU7ML3i0pklHjqp0h9CtGNFeTbgSw/POST.5c.delayed]
[fonts.gstatic.com/s/roboto/v48/KFOKCnqEu92Fr1Mu53ZEC9_Vu3r1gIhOszmOClHrs6ljXfMMLoHQuAj-lg.ttf]
[docs.google.com/document/d/1YkoysXgNSUTQvzjU7ML3i0pklHjqp0h9CtGNFeTbgSw/edit7d09.html]
[practice.pokealec.com/xmlrpc.php]
[fonts.gstatic.com/index.html]
[practice.pokealec.com/wp-content/themes/smol-divi/style5152.css]
[practice.pokealec.com/wp-content/et-cache/67/et-core-unified-deferred-67.min72f6.css]
[pokealec.com/talks.html]
[practice.pokealec.com/talks.html]
[practice.pokealec.com/wp-content/et-cache/10/et-divi-dynamic-10-late26f1.css]
[practice.pokealec.com/index64b4.html]
[practice.pokealec.com/wp-content/uploads/2025/03/jesus-with-a-child-full.jpg]
[fonts.gstatic.com/s/opensans/v15/mem5YaGs126MiZpBA-UN_r8OUuhpKKSTjw.woff2]
[www.churchofjesuschrist.org/comeuntochrist/believe/book-of-mormon/what-is-the-book-of-mormon.html]
[www.churchofjesuschrist.org/comeuntochrist/believe/book-of-mormon/how-the-bible-and-the-book-of-mormon-work-together.html]
[www.churchofjesuschrist.org/comeuntochrist/believe/book-of-mormon/jesus-in-the-book-of-mormon.html]
[www.churchofjesuschrist.org/comeuntochrist/believe/book-of-mormon/videos.html]
[www.churchofjesuschrist.org/comeuntochrist/believe/god/what-is-the-holy-spirit.html]
[www.churchofjesuschrist.org/comeuntochrist/believe/book-of-mormon/8-things-the-book-of-mormon-teaches-about-god.html]
[www.churchofjesuschrist.org/comeuntochrist/believe/book-of-mormon/purpose-of-life-in-the-book-of-mormon.html]
[www.churchofjesuschrist.org/comeuntochrist/believe/book-of-mormon/repentance-and-forgiveness-in-book-of-mormon.html]
[www.churchofjesuschrist.org/comeuntochrist/believe/book-of-mormon/prayer-in-the-book-of-mormon.html]
[www.churchofjesuschrist.org/comeuntochrist/believe/book-of-mormon/marriage-and-family-in-the-book-of-mormon.html]
[www.churchofjesuschrist.org/comeuntochrist/believe/book-of-mormon/who-wrote-the-book-of-mormon.html]
[www.churchofjesuschrist.org/comeuntochrist/believe/book-of-mormon/another-testament-of-jesus-christ.html]
[www.churchofjesuschrist.org/comeuntochrist/believe/jesus.html]
[www.churchofjesuschrist.org/comeuntochrist/believe/book-of-mormon/book-of-mormon-experiment.html]
[www.churchofjesuschrist.org/comeuntochrist/believe/GET.71.delayed]
[www.churchofjesuschrist.org/comeuntochrist/believe/POST.72.delayed]
[www.churchofjesuschrist.org/comeuntochrist/believe/book-of-mormon.html]
[practice.pokealec.com/index905b.html]
[practice.pokealec.com/wp-content/et-cache/global/et-divi-customizer-global.min97e3.css]
[practice.pokealec.com/wp-admin/index.html]
[practice.pokealec.com/wp-content/et-cache/1/et-core-unified-1.minc964.css]
[practice.pokealec.com/wp-login42a4.html]
[practice.pokealec.com/index7ead.json]
[practice.pokealec.com/indexe539.html]
[practice.pokealec.com/index3b21.php]
[practice.pokealec.com/indexd47e.json]
[practice.pokealec.com/indexcff1.html]
[practice.pokealec.com/wp-includes/js/comment-reply.mind4d0.js]
[practice.pokealec.com/indexcd64.html]
[pokealec.com/indexb70a.html]
[pokealec.com/index72c9.html]
[pokealec.com/index5851.html]
[pokealec.com/indexad3f.html]
[practice.pokealec.com/indexce84.json]
[practice.pokealec.com/index301c.html]
[nonprofit.pokealec.com/wp-content/themes/SpecialDivi/core/admin/fonts/modules.eot]
[practice.pokealec.com/index78a0.html]
[nonprofit.pokealec.com/wp-content/themes/SpecialDivi/core/admin/fonts/modules.woff]
[nonprofit.pokealec.com/wp-content/themes/SpecialDivi/core/admin/fonts/modulesd41d.eot]
[nonprofit.pokealec.com/wp-content/themes/SpecialDivi/core/admin/fonts/modules.svg]
[nonprofit.pokealec.com/wp-content/themes/SpecialDivi/includes/builder/styles/images/subscribe-loader.gif]
[nonprofit.pokealec.com/wp-content/themes/SpecialDivi/includes/builder/styles/images/preloader.gif]
[nonprofit.pokealec.com/wp-content/themes/SpecialDivi/epanel/shortcodes/images/shortcodes-sprite.png]
[nonprofit.pokealec.com/wp-content/themes/SpecialDivi/style.css]
[fonts.gstatic.com/s/notosans/v42/o-0kIpQlx3QUlC5A4PNr4C5OaxRsfNNlKbCePevHtVtX57DGjDU1QDcf6Vc.ttf]
[fonts.gstatic.com/s/notosans/v42/o-0kIpQlx3QUlC5A4PNr4C5OaxRsfNNlKbCePevHtVtX57DGjDU1QLce6Vc.ttf]
[fonts.gstatic.com/s/notosans/v42/o-0kIpQlx3QUlC5A4PNr4C5OaxRsfNNlKbCePevHtVtX57DGjDU1QGke6Vc.ttf]
[fonts.gstatic.com/s/notosans/v42/o-0kIpQlx3QUlC5A4PNr4C5OaxRsfNNlKbCePevHtVtX57DGjDU1QDce6Vc.ttf]
[fonts.gstatic.com/s/notosans/v42/o-0kIpQlx3QUlC5A4PNr4C5OaxRsfNNlKbCePevHtVtX57DGjDU1QAUe6Vc.ttf]
[fonts.gstatic.com/s/notosans/v42/o-0kIpQlx3QUlC5A4PNr4C5OaxRsfNNlKbCePevHtVtX57DGjDU1QOkZ6Vc.ttf]
[fonts.gstatic.com/s/notosans/v42/o-0kIpQlx3QUlC5A4PNr4C5OaxRsfNNlKbCePevHtVtX57DGjDU1QNAZ6Vc.ttf]
[fonts.gstatic.com/s/notosans/v42/o-0kIpQlx3QUlC5A4PNr4C5OaxRsfNNlKbCePevHtVtX57DGjDU1QLcZ6Vc.ttf]
[fonts.gstatic.com/s/notosans/v42/o-0kIpQlx3QUlC5A4PNr4C5OaxRsfNNlKbCePevHtVtX57DGjDU1QJ4Z6Vc.ttf]
[fonts.gstatic.com/s/notosans/v42/o-0mIpQlx3QUlC5A4PNB6Ryti20_6n1iPHjcz6L1SoM-jCpoiyD9At9d.ttf]
[fonts.gstatic.com/s/notosans/v42/o-0mIpQlx3QUlC5A4PNB6Ryti20_6n1iPHjcz6L1SoM-jCpoiyB9A99d.ttf]
[fonts.gstatic.com/s/notosans/v42/o-0mIpQlx3QUlC5A4PNB6Ryti20_6n1iPHjcz6L1SoM-jCpoiyCjA99d.ttf]
[fonts.gstatic.com/s/notosans/v42/o-0mIpQlx3QUlC5A4PNB6Ryti20_6n1iPHjcz6L1SoM-jCpoiyD9A99d.ttf]
[fonts.gstatic.com/s/notosans/v42/o-0mIpQlx3QUlC5A4PNB6Ryti20_6n1iPHjcz6L1SoM-jCpoiyDPA99d.ttf]
[fonts.gstatic.com/s/notosans/v42/o-0mIpQlx3QUlC5A4PNB6Ryti20_6n1iPHjcz6L1SoM-jCpoiyAjBN9d.ttf]
[fonts.gstatic.com/s/notosans/v42/o-0mIpQlx3QUlC5A4PNB6Ryti20_6n1iPHjcz6L1SoM-jCpoiyAaBN9d.ttf]
[fonts.gstatic.com/s/notosans/v42/o-0mIpQlx3QUlC5A4PNB6Ryti20_6n1iPHjcz6L1SoM-jCpoiyB9BN9d.ttf]
[fonts.googleapis.com/css2bc84.css]
[nonprofit.pokealec.com/index3d7f.html]
[docs.google.com/document/d/1YkoysXgNSUTQvzjU7ML3i0pklHjqp0h9CtGNFeTbgSw/POST.html]
[fonts.googleapis.com/css2f8e9.css]
[fonts.gstatic.com/s/notosans/v42/o-0mIpQlx3QUlC5A4PNB6Ryti20_6n1iPHjcz6L1SoM-jCpoiyBUBN9d.ttf]
[www.churchofjesuschrist.org/comeuntochrist/believe/book-of-mormon/what-is-the-book-of-mormon.html]
[www.churchofjesuschrist.org/comeuntochrist/believe/book-of-mormon/how-the-bible-and-the-book-of-mormon-work-together.html]
[www.churchofjesuschrist.org/comeuntochrist/believe/jesus/following-jesus-christ.9c.delayed]
[www.churchofjesuschrist.org/comeuntochrist/believe/book-of-mormon/jesus-in-the-book-of-mormon.html]
[www.churchofjesuschrist.org/comeuntochrist/believe/god/gods-love.html]
[www.churchofjesuschrist.org/comeuntochrist/believe/jesus/videos.html]
[www.churchofjesuschrist.org/comeuntochrist/believe/book-of-mormon/videos.html]
[www.churchofjesuschrist.org/comeuntochrist/believe/bible/videos.html]
[www.churchofjesuschrist.org/comeuntochrist/believe/god/does-god-answer-prayers.html]
[www.churchofjesuschrist.org/comeuntochrist/believe/overview-series/god-loves-you.a1.delayed]
[www.churchofjesuschrist.org/comeuntochrist/believe/god/GET]
[www.churchofjesuschrist.org/comeuntochrist/believe/god/POST]
[www.churchofjesuschrist.org/comeuntochrist/believe/god/what-is-the-holy-spirit.html]
[www.churchofjesuschrist.org/comeuntochrist/believe/god/10-meaniningful-benefits-of-prayer]
[www.churchofjesuschrist.org/comeuntochrist/believe/life-has-purpose]
[www.churchofjesuschrist.org/comeuntochrist/believe/book-of-mormon/8-things-the-book-of-mormon-teaches-about-god.html]
[www.churchofjesuschrist.org/comeuntochrist/believe/god/relationship-with-god.html]
[www.churchofjesuschrist.org/comeuntochrist/believe/god/god-is-there-for-you.a7.delayed]
[www.churchofjesuschrist.org/comeuntochrist/believe/book-of-mormon/purpose-of-life-in-the-book-of-mormon.html]
[www.churchofjesuschrist.org/comeuntochrist/believe/becoming-like-jesus/how-can-i-receive-forgiveness-from-god.html]
[www.churchofjesuschrist.org/comeuntochrist/believe/becoming-like-jesus/how-can-i-forgive-myself.html]
[www.churchofjesuschrist.org/comeuntochrist/believe/jesus/because-of-him]
[www.churchofjesuschrist.org/comeuntochrist/believe/book-of-mormon/repentance-and-forgiveness-in-book-of-mormon.html]
[www.churchofjesuschrist.org/comeuntochrist/believe/book-of-mormon/study-tips]
[www.churchofjesuschrist.org/comeuntochrist/believe/book-of-mormon/prayer-in-the-book-of-mormon.html]
[www.churchofjesuschrist.org/comeuntochrist/believe/book-of-mormon/marriage-and-family-in-the-book-of-mormon.html]
[www.churchofjesuschrist.org/comeuntochrist/believe/book-of-mormon/who-wrote-the-book-of-mormon.html]
[www.churchofjesuschrist.org/comeuntochrist/believe/book-of-mormon/another-testament-of-jesus-christ.html]
[www.churchofjesuschrist.org/comeuntochrist/believe/jesus/life-and-mission-of-jesus-christ.html]
[www.churchofjesuschrist.org/comeuntochrist/believe/jesus/4-ways-you-can-come-closer-to-jesus-christ.html]
[www.churchofjesuschrist.org/comeuntochrist/believe/becoming-like-jesus/teachings-of-jesus-christ.html]
[www.churchofjesuschrist.org/comeuntochrist/believe/jesus/5-teachings-of-jesus-that-will-improve-your-life.af.delayed]
[www.churchofjesuschrist.org/comeuntochrist/believe/becoming-like-jesus/attributes-of-christ]
[www.churchofjesuschrist.org/comeuntochrist/believe/jesus/50-names-for-jesus.html]
[www.churchofjesuschrist.org/comeuntochrist/believe/jesus/does-jesus-understand-how-i-feel]
[www.churchofjesuschrist.org/comeuntochrist/believe/jesus.html]
[www.churchofjesuschrist.org/comeuntochrist/believe/book-of-mormon/book-of-mormon-experiment.html]
[www.churchofjesuschrist.org/comeuntochrist/believe/GET.html]
[www.churchofjesuschrist.org/comeuntochrist/believe/POST.html]
[practice.pokealec.com/wp-login42a4.html]
[practice.pokealec.com/index301c.html]
[nonprofit.pokealec.com/wp-content/themes/SpecialDivi/core/admin/fonts/modules.svg]
[nonprofit.pokealec.com/indexe4b9.html]
[www.churchofjesuschrist.org/comeuntochrist/believe/jesus/following-jesus-christ.html]
[www.churchofjesuschrist.org/comeuntochrist/believe/god/gods-love.html]
[www.churchofjesuschrist.org/comeuntochrist/believe/jesus/videos.html]
[www.churchofjesuschrist.org/comeuntochrist/believe/bible/bible-for-kids.html]
[www.churchofjesuschrist.org/comeuntochrist/believe/bible/bible-verses-about-faith.html]
[www.churchofjesuschrist.org/comeuntochrist/believe/restoration/the-church-of-jesus-christ-is-restored.html]
[www.churchofjesuschrist.org/comeuntochrist/believe/bible/GET.b9.delayed]
[www.churchofjesuschrist.org/comeuntochrist/believe/bible/POST.ba.delayed]
[www.churchofjesuschrist.org/comeuntochrist/believe/bible/videos.html]
[www.churchofjesuschrist.org/comeuntochrist/believe/god/does-god-answer-prayers.html]
[www.churchofjesuschrist.org/comeuntochrist/believe/overview-series/god-loves-you.html]
[www.churchofjesuschrist.org/comeuntochrist/believe/god/GET.html]
[www.churchofjesuschrist.org/comeuntochrist/believe/god/POST.html]
[www.churchofjesuschrist.org/comeuntochrist/believe/god/10-meaniningful-benefits-of-prayer.html]
[www.churchofjesuschrist.org/comeuntochrist/believe/life-has-purpose.html]
[www.churchofjesuschrist.org/comeuntochrist/believe/god/relationship-with-god.html]
[www.churchofjesuschrist.org/comeuntochrist/believe/god/god-is-there-for-you.html]
[www.churchofjesuschrist.org/comeuntochrist/believe/becoming-like-jesus/how-can-i-forgive-others.html]
[www.churchofjesuschrist.org/comeuntochrist/believe/becoming-like-jesus/POST.bd.delayed]
[www.churchofjesuschrist.org/comeuntochrist/believe/becoming-like-jesus/how-can-i-receive-forgiveness-from-god.html]
[www.churchofjesuschrist.org/comeuntochrist/believe/becoming-like-jesus/how-can-i-forgive-myself.html]
[www.churchofjesuschrist.org/comeuntochrist/believe/jesus/because-of-him.html]
[www.churchofjesuschrist.org/comeuntochrist/believe/book-of-mormon/study-tips.html]
[www.churchofjesuschrist.org/comeuntochrist/believe/jesus/life-and-mission-of-jesus-christ.html]
[www.churchofjesuschrist.org/comeuntochrist/believe/jesus/4-ways-you-can-come-closer-to-jesus-christ.html]
[www.churchofjesuschrist.org/comeuntochrist/believe/becoming-like-jesus/teachings-of-jesus-christ.html]
[www.churchofjesuschrist.org/comeuntochrist/believe/jesus/5-teachings-of-jesus-that-will-improve-your-life.html]
[www.churchofjesuschrist.org/comeuntochrist/believe/becoming-like-jesus/attributes-of-christ.html]
[www.churchofjesuschrist.org/comeuntochrist/believe/bible/bible-basics.html]
[www.churchofjesuschrist.org/comeuntochrist/believe/bible/what-does-the-bible-teach-about-jesus.html]
[www.churchofjesuschrist.org/comeuntochrist/believe/bible/8-lessons-from-the-sermon-on-the-mount.c0.delayed]
[www.churchofjesuschrist.org/comeuntochrist/believe/bible/bible-study-tips.html]
[www.churchofjesuschrist.org/comeuntochrist/believe/restoration/god-speaks-to-us-through-prophets.html]
[www.churchofjesuschrist.org/comeuntochrist/believe/life-has-purpose/what-happens-after-we-die]
[www.churchofjesuschrist.org/comeuntochrist/believe/jesus/50-names-for-jesus.html]
[www.churchofjesuschrist.org/comeuntochrist/believe/jesus/does-jesus-understand-how-i-feel.html]
[practice.pokealec.com/wp-content/themes/Divi/style.css]
[fonts.gstatic.com/s/arvo/v23/tDbN2oWUg0MKqSIQ6A.ttf]
[fonts.gstatic.com/s/arvo/v23/tDbD2oWUg0MKmSA.ttf]
[fonts.gstatic.com/s/arvo/v23/tDbM2oWUg0MKoZw1yLQ.ttf]
[fonts.gstatic.com/s/arvo/v23/tDbO2oWUg0MKqSIoVLHK9g.ttf]
[www.churchofjesuschrist.org/comeuntochrist/believe/life-has-purpose/your-life-has-a-purpose]
[www.churchofjesuschrist.org/comeuntochrist/believe/book-of-mormon/POST]
[www.churchofjesuschrist.org/comeuntochrist/believe/bible]
[www.churchofjesuschrist.org/comeuntochrist/believe/bible/what-is-the-holy-bible]
[www.churchofjesuschrist.org/comeuntochrist/believe/book-of-mormon/quick-summary-of-the-book-of-mormon]
[www.churchofjesuschrist.org/comeuntochrist/believe/god/how-to-pray]
[www.churchofjesuschrist.org/comeuntochrist/believe/bible/bible-for-kids.html]
[www.churchofjesuschrist.org/comeuntochrist/believe/bible/bible-verses-about-faith.html]
[www.churchofjesuschrist.org/comeuntochrist/believe/jesus/POST]
[www.churchofjesuschrist.org/comeuntochrist/believe/book-of-mormon/GET]
[www.churchofjesuschrist.org/comeuntochrist/believe/jesus/GET]
[www.churchofjesuschrist.org/comeuntochrist/believe/restoration/GET.c4.delayed]
[www.churchofjesuschrist.org/comeuntochrist/believe/restoration/POST]
[www.churchofjesuschrist.org/comeuntochrist/believe/restoration/the-church-of-jesus-christ-is-restored.html]
[www.churchofjesuschrist.org/comeuntochrist/believe/bible/GET.html]
[www.churchofjesuschrist.org/comeuntochrist/believe/bible/POST.html]
[www.churchofjesuschrist.org/comeuntochrist/believe/becoming-like-jesus]
[www.churchofjesuschrist.org/comeuntochrist/believe/life-has-purpose/how-can-i-cope-with-the-loss-of-a-loved-one]
[www.churchofjesuschrist.org/comeuntochrist/believe/becoming-like-jesus/how-can-i-forgive-others.html]
[www.churchofjesuschrist.org/comeuntochrist/believe/becoming-like-jesus/POST.html]
[www.churchofjesuschrist.org/comeuntochrist/believe/bible/bible-basics.html]
[www.churchofjesuschrist.org/comeuntochrist/believe/bible/what-does-the-bible-teach-about-jesus.html]
[www.churchofjesuschrist.org/comeuntochrist/believe/bible/8-lessons-from-the-sermon-on-the-mount.html]
[www.churchofjesuschrist.org/comeuntochrist/believe/bible/bible-study-tips.html]
[www.churchofjesuschrist.org/comeuntochrist/believe/restoration/god-speaks-to-us-through-prophets.html]
[www.churchofjesuschrist.org/comeuntochrist/believe/life-has-purpose/what-happens-after-we-die.html]
[www.churchofjesuschrist.org/comeuntochrist/believe/book-of-mormon/quick-summary-of-the-book-of-mormon]
[www.churchofjesuschrist.org/comeuntochrist/believe/bible/20-scriptures-about-hope.html]
[www.churchofjesuschrist.org/comeuntochrist/believe/becoming-like-jesus/GET]
[www.churchofjesuschrist.org/comeuntochrist/believe/life-has-purpose/who-am-i.c9.delayed]
[www.churchofjesuschrist.org/comeuntochrist/believe/life-has-purpose/how-can-i-get-through-hard-things]
[www.churchofjesuschrist.org/comeuntochrist/believe/life-has-purpose/4-ways-to-find-peace-in-hard-times]
[www.churchofjesuschrist.org/comeuntochrist/believe/life-has-purpose/GET]
[www.churchofjesuschrist.org/comeuntochrist/believe/life-has-purpose/POST]
[www.churchofjesuschrist.org/comeuntochrist/believe/life-has-purpose/your-life-has-a-purpose]
[www.churchofjesuschrist.org/comeuntochrist/believe/book-of-mormon/GET]
[www.churchofjesuschrist.org/comeuntochrist/believe/book-of-mormon/POST]
[www.churchofjesuschrist.org/comeuntochrist/believe/bible/what-is-the-holy-bible]
[www.churchofjesuschrist.org/comeuntochrist/believe/bible]
[www.churchofjesuschrist.org/comeuntochrist/believe/god/how-to-pray]
[www.churchofjesuschrist.org/comeuntochrist/believe/jesus/GET]
[www.churchofjesuschrist.org/comeuntochrist/believe/jesus/POST]
[www.churchofjesuschrist.org/comeuntochrist/believe/restoration/GET.html]
[www.churchofjesuschrist.org/comeuntochrist/believe/restoration/POST.html]
[www.churchofjesuschrist.org/comeuntochrist/believe/becoming-like-jesus.html]
[www.churchofjesuschrist.org/comeuntochrist/believe/life-has-purpose/how-can-i-cope-with-the-loss-of-a-loved-one.html]
[www.churchofjesuschrist.org/comeuntochrist/believe/becoming-like-jesus/GET]
[www.churchofjesuschrist.org/comeuntochrist/believe/bible/20-scriptures-about-hope.html]
[www.churchofjesuschrist.org/comeuntochrist/believe/life-has-purpose/who-am-i.html]
[www.churchofjesuschrist.org/comeuntochrist/believe/life-has-purpose/how-can-i-get-through-hard-things.html]
[www.churchofjesuschrist.org/comeuntochrist/believe/life-has-purpose/4-ways-to-find-peace-in-hard-times.html]
[www.churchofjesuschrist.org/comeuntochrist/believe/life-has-purpose/GET.html]
[www.churchofjesuschrist.org/comeuntochrist/believe/life-has-purpose/POST.html]
